jules.google
patreon.com
wd.com
wdc.com
www.yueimg.com
www.webnovel.com
webnovel.com
hp.com
hpsmart.com
hpconnected.com
hpoobe.com
itdog.info
challenges.cloudflare.com
monopolystar.ru
ui.com
ubnt.com
deepmind.com
deepmind.google
amnezia.org
nnmstatic.win
v2fly.org
dell.com
4pda.to
duckdns.org
netflix.com
netflixstudios.com
nflxext.com
nflxvideo.net
fast.com
netflix.ca
netflix.com.au
netflix.net
netflixinvestor.com
netflixtechblog.com
nflximg.com
nflxsearch.net
nflxso.net
onetrust.com
bestchange.ru
2ip.io
bookstagram.com
canva.com
chatgpt.com
xvideos.com
pornhub.com
phncdn.com
files.oaiusercontent.com
findadiscord.com
gpt3-openai.com
intel.com
intel.nl
kvas.zeleza.ru
lostfilm.info
lostfilm.top
lostfilm.tv
mee6.xyz
nnmclub.to
oaistatic.com
openai.com
openai.fund
openai.org
play.google.com
rockblack.su
rutor.org
rutracker.cc
rutracker.org
top.gg
zeleza.ru
zerolab.net
metacritic.com
jetbrains.com
texter.ru
deepl.com
top.lafa.site
jetbrains.space
jb.gg
intellij.net
jetbrains.com.cn
googleapis.com
ai.google.dev
generativeai.google
makersuite.google.com
aistudio.google.com
gemini.google.com
googletagmanager.com
clients6.google.com
gemini.google
apis.google.com
googleusercontent.com
fb.me
m.me
messenger.com
instagr.am
circlecrewpinkcrowd.com
threads.net
meta.com
oculus.com
internalfb.com
cdninstagram.com
whatsapp.net
whatsapp.com
whatsapp.biz
wa.me
thefacebook.com
tfbnw.net
instastyle.tv
instaplayer.net
instagram.com
instagram-engineering.com
instagram-brand.com
igtv.com
igsonar.com
igcdn.com
ig.me
fbsbx.com
fbcdn.net
fb.com
facebook.net
facebook.com
31.13.24.0/21
31.13.64.0/18
45.64.40.0/22
57.141.0.0/19
57.144.0.0/14
66.220.144.0/20
69.63.176.0/20
69.171.224.0/19
74.119.76.0/22
102.132.96.0/20
103.4.96.0/22
129.134.0.0/16
147.75.208.0/20
157.240.0.0/16
163.70.128.0/17
163.77.128.0/17
173.252.64.0/18
179.60.192.0/22
185.60.216.0/22
185.89.216.0/22
189.247.71.0/24
204.15.20.0/22
comments.app
contest.com
fragment.com
graph.org
quiz.directory
t.me
tdesktop.com
telega.one
telegra.ph
telegram.dog
telegram.me
telegram.org
telegram.space
telesco.pe
tg.dev
tx.me
91.108.56.0/22
91.108.4.0/22
91.108.8.0/22
91.108.16.0/22
91.108.12.0/22
149.154.160.0/20
91.105.192.0/23
91.108.20.0/22
185.76.151.0/24
dis.gd
disboard.org
discord.center
discord.co
discord.com
discord.dev
discord.gg
discord.gift
discord.gifts
discord.me
discord.media
discord.new
discord.st
discord.store
discordInvites.net
discordactivities.com
discordapp.com
discordapp.io
discordapp.net
discordbee.com
discordbotlist.com
discordcdn.com
discordexpert.com
discordhome.com
discordhub.com
discordlist.me
discordlist.space
discordmerch.com
discordpartygames.com
discords.com
discordsays.com
discordservers.com
discordstatus.com
discordtop.com
disforge.com
dyno.gg
138.128.136.0/21
162.158.0.0/15
172.64.0.0/13
34.0.0.0/15
34.2.0.0/15
35.192.0.0/12
35.208.0.0/12
5.200.14.128/25
66.22.192.0/18
