2ip.io
youtube.com
ytimg.com
yting.com
ggpht.com
googlevideo.com
youtubekids.com
youtu.be
yt.be
gvt1.com
youtube-nocookie.com
returnyoutubedislikeapi.com
yt3.googleusercontent.com
doubleclick.net
l.google.com
googleapis.com
googleusercontent.com
gstatic.com
nhacmp3youtube.com
instagram.com
ig.me
facebook.com
facebook.net
cdninstagram.com
fbcdn.net
fbsbx.com
internalfb.com
oculus.com
meta.com
threads.net
fb.com
whatsapp.com
whatsapp.net
whatsapp.biz
wa.me
circlecrewpinkcrowd.com
deepmind.com
deepmind.google
geller-pa.googleapis.com
generativelanguage.googleapis.com
proactivebackend-pa.googleapis.com
ai.google.dev
generativeai.google
makersuite.google.com
aistudio.google.com
bard.google.com
gemini.google
gemini.google.com
notebooklm.google.com
clients6.google.com
notebooklm.google
jules.google
jules.google.com
labs.google
aisandbox-pa.googleapis.com
stitch.withgoogle.com
robinfrontend-pa.googleapis.com
eu-west-1.compute.amazonaws.com
eu-central-1.compute.amazonaws.com
ap-southeast-1.compute.amazonaws.com
ap-south-1.compute.amazonaws.com
