adidas.com
adobe.com
adobe.io
adobe.net
autodesk.com
bosch.com
canva.com
canva.dev
chat.com
chat.openai.com.cdn.cloudflare.net
chatgpt.com
cisco.com
claude.ai
claude.com
copilot.microsoft.com
cursor-cdn.com
cursor.sh
deepl.com
dell.com
dellcdn.com
dyson.com
edu-cisco.org
grafana.com
grok.com
groq.com
ikea.com
intel.com
intel.de
intel.nl
jetbrains.com
jetbrains.space
jetbrains.team
nfl.com
nhl.com
nike.com
openai.com
openrouter.ai
x.ai
speedtest.net
ooklaserver.net
soundcloud.com
soundcloud.cloud
sndcdn.com
anthropic.com
bridge.claudeusercontent.com
udemy.com
udemycdn.com
mobatek.net
patreon.com
wd.com
wdc.com
www.yueimg.com
www.webnovel.com
webnovel.com
hp.com
hpsmart.com
hpconnected.com
hpoobe.com
itdog.info
challenges.cloudflare.com
monopolystar.ru
ui.com
ubnt.com
nnmstatic.win
4pda.to
4pda.ws
4pna.com
duckdns.org
netflix.com
netflixstudios.com
nflxext.com
nflxvideo.net
fast.com
netflix.ca
netflix.com.au
netflix.net
netflixinvestor.com
netflixtechblog.com
nflximg.com
nflxsearch.net
nflxso.net
onetrust.com
bestchange.ru
2ip.io
bookstagram.com
files.oaiusercontent.com
findadiscord.com
gpt3-openai.com
lostfilm.info
lostfilm.top
lostfilm.tv
mee6.xyz
nnmclub.to
oaistatic.com
openai.fund
openai.org
rutor.org
rutracker.cc
rutracker.org
top.gg
zerolab.net
metacritic.com
texter.ru
lafa.site
jb.gg
intellij.net
jetbrains.com.cn
comments.app
contest.com
fragment.com
graph.org
quiz.directory
telegram.org
t.me
telegram.me
telegram.dog
telegra.ph
telesco.pe
tdesktop.com
tx.me
tg.dev
cdn-telegram.org
discord.com
discordapp.com
discordapp.net
discord.gg
discord.media
discordstatus.com
discord.dev
discordcdn.com
discordactivities.com
dis.gd
discord.gift
discord.gifts
ads-twitter.com
cms-twdigitalassets.com
periscope.tv
pscp.tv
t.co
tellapart.com
tweetdeck.com
twimg.com
twitpic.com
twitter.biz
twitter.com
twitter.jp
twittercommunity.com
twitterflightschool.com
twitterinc.com
twitteroauth.com
twitterstat.us
twtrdns.net
twttr.com
twttr.net
twvid.com
vine.co
x.com
capcutapi.com
mon.tiktokv.com
ibyteimg.com
capcutstatic.com
capcutcdn-us.com
ttwstatic.com
capcut.com
clarity.ms
ttdns2.com
capcut.net
capcutglobal.com
capcut.wpscdn.com
byteoversea.com
edgesuite.net
figma.com
figma.site
figma.app
figma-gov.com
figma-gov.site
awswaf.com
esm.sh
jsdelivr.net
ibytedtos.com
muscdn.com
musical.ly
tik-tokapi.com
tiktok.com
tiktokcdn-us.com
tiktokcdn-eu.com
tiktokcdn.com
tiktokd.net
tiktokd.org
tiktokv.com
tiktokv.us
tiktokw.us
tiktokv.eu
youtube.com
youtube-nocookie.com
youtubekids.com
youtu.be
yt.be
ytimg.com
ggpht.com
googlevideo.com
gvt1.com
gvt2.com
gvt3.com
doubleclick.net
l.google.com
widevine.com
returnyoutubedislikeapi.com
googleapis.com
s.youtube.com
i.ytimg.com
yt3.ggpht.com
yt4.ggpht.com
accounts.google.com
play.google.com
gemini.google.com
ogs.google.com
apis.google.com
clients6.google.com
gstatic.com
googleusercontent.com
lh3.google.com
csp.withgoogle.com
googletagmanager.com
google-analytics.com
aistudio.google.com
vertexaisearch.cloud.google.com
notebooklm.cloud.google.com
eu-west-1.compute.amazonaws.com
eu-west-2.compute.amazonaws.com
us-west-1.compute.amazonaws.com
us-west-2.compute.amazonaws.com
us-east-1.compute.amazonaws.com
us-east-2.compute.amazonaws.com
eu-central-1.compute.amazonaws.com
ap-southeast-1.compute.amazonaws.com
ap-south-1.compute.amazonaws.com
eu-west-1.amazonaws.com
eu-west-2.amazonaws.com
us-west-1.amazonaws.com
us-west-1.elb.amazonaws.com
us-west-2.amazonaws.com
instagram.com
ig.me
facebook.com
facebook.net
cdninstagram.com
fbcdn.net
fbsbx.com
internalfb.com
oculus.com
messenger.com
meta.com
threads.net
fb.com
whatsapp.com
whatsapp.net
whatsapp.biz
wa.me
wa.net
circlecrewpinkcrowd.com
